// Jest Snapshot v1, https://goo.gl/fbAQLP

exports[`render 1`] = `"<a class=\\"className\\" href=\\"example.com\\" rel=\\"noreferrer noopener\\" target=\\"_blank\\"></a>"`;
