// Jest Snapshot v1, https://goo.gl/fbAQLP

exports[`render 1`] = `"<button class=\\"la--button\\" type=\\"submit\\">Login</button>"`;
