// Jest Snapshot v1, https://goo.gl/fbAQLP

exports[`render 1`] = `"<div class=\\"className\\">15</div><div class=\\"className\\"></div><div class=\\"className\\"></div><div class=\\"className\\"></div>"`;
