// Jest Snapshot v1, https://goo.gl/fbAQLP

exports[`<ActivityContainer /> expand: false 1`] = `"<div class=\\"activity \\"><div class=\\"chat\\"></div></div>"`;

exports[`<ActivityContainer /> expand: true 1`] = `"<div class=\\"activity expand\\"><div class=\\"chat\\"></div></div>"`;
