// Jest Snapshot v1, https://goo.gl/fbAQLP

exports[`<CommandSelectionContainer /> render NIGHT HUNTER fixed 1`] = `"<div class=\\"vi--command--selection\\"><div class=\\"vi--command--selection--description\\"><span>This is the character you chose to protect</span><span> (<span>00'00 left</span>)</span></div><div class=\\"vi--command--selection--select\\"><div class=\\"vi--command--selection--option fixed vi--command--selection--option--transition-appear vi--command--selection--option--transition-appear-active\\"><div class=\\"vi--command--selection--option--initial\\">B</div><img class=\\"vi--command--selection--option--image\\" src=\\"https://werewolf.world/image/0.3/agent_icons/50x50/b_50x50.png\\"><span class=\\"vi--command--selection--option--name\\">Borya</span></div></div></div>"`;

exports[`<CommandSelectionContainer /> render NIGHT HUNTER unfixed 1`] = `"<div class=\\"vi--command--selection\\"><div class=\\"vi--command--selection--description\\"><span>Choose a character to protect</span><span> (<span>00'00 left</span>)</span></div><div class=\\"vi--command--selection--select\\"><div class=\\"vi--command--selection--option vi--command--selection--option--transition-appear vi--command--selection--option--transition-appear-active\\"><div class=\\"vi--command--selection--option--initial\\">B</div><img class=\\"vi--command--selection--option--image\\" src=\\"https://werewolf.world/image/0.3/agent_icons/50x50/b_50x50.png\\"><span class=\\"vi--command--selection--option--name\\">Borya</span></div><div class=\\"vi--command--selection--option vi--command--selection--option--transition-appear vi--command--selection--option--transition-appear-active\\"><div class=\\"vi--command--selection--option--initial\\">C</div><img class=\\"vi--command--selection--option--image\\" src=\\"https://werewolf.world/image/0.3/agent_icons/50x50/c_50x50.png\\"><span class=\\"vi--command--selection--option--name\\">Chacha</span></div><div class=\\"vi--command--selection--option vi--command--selection--option--transition-appear vi--command--selection--option--transition-appear-active\\"><div class=\\"vi--command--selection--option--initial\\">D</div><img class=\\"vi--command--selection--option--image\\" src=\\"https://werewolf.world/image/0.3/agent_icons/50x50/d_50x50.png\\"><span class=\\"vi--command--selection--option--name\\">Devdatta</span></div><div class=\\"vi--command--selection--option vi--command--selection--option--transition-appear vi--command--selection--option--transition-appear-active\\"><div class=\\"vi--command--selection--option--initial\\">E</div><img class=\\"vi--command--selection--option--image\\" src=\\"https://werewolf.world/image/0.3/agent_icons/50x50/e_50x50.png\\"><span class=\\"vi--command--selection--option--name\\">Ekrem</span></div></div></div>"`;

exports[`<CommandSelectionContainer /> render NIGHT SEER fixed 1`] = `"<div class=\\"vi--command--selection\\"><div class=\\"vi--command--selection--description\\"><span>This is the character you chose for your divination</span><span> (<span>00'00 left</span>)</span></div><div class=\\"vi--command--selection--select\\"><div class=\\"vi--command--selection--option fixed vi--command--selection--option--transition-appear vi--command--selection--option--transition-appear-active\\"><div class=\\"vi--command--selection--option--initial\\">B</div><img class=\\"vi--command--selection--option--image\\" src=\\"https://werewolf.world/image/0.3/agent_icons/50x50/b_50x50.png\\"><span class=\\"vi--command--selection--option--name\\">Borya</span></div></div></div>"`;

exports[`<CommandSelectionContainer /> render NIGHT SEER unfixed 1`] = `"<div class=\\"vi--command--selection\\"><div class=\\"vi--command--selection--description\\"><span>Choose a character for your divination</span><span> (<span>00'00 left</span>)</span></div><div class=\\"vi--command--selection--select\\"><div class=\\"vi--command--selection--option vi--command--selection--option--transition-appear vi--command--selection--option--transition-appear-active\\"><div class=\\"vi--command--selection--option--initial\\">B</div><img class=\\"vi--command--selection--option--image\\" src=\\"https://werewolf.world/image/0.3/agent_icons/50x50/b_50x50.png\\"><span class=\\"vi--command--selection--option--name\\">Borya</span></div><div class=\\"vi--command--selection--option vi--command--selection--option--transition-appear vi--command--selection--option--transition-appear-active\\"><div class=\\"vi--command--selection--option--initial\\">C</div><img class=\\"vi--command--selection--option--image\\" src=\\"https://werewolf.world/image/0.3/agent_icons/50x50/c_50x50.png\\"><span class=\\"vi--command--selection--option--name\\">Chacha</span></div><div class=\\"vi--command--selection--option vi--command--selection--option--transition-appear vi--command--selection--option--transition-appear-active\\"><div class=\\"vi--command--selection--option--initial\\">D</div><img class=\\"vi--command--selection--option--image\\" src=\\"https://werewolf.world/image/0.3/agent_icons/50x50/d_50x50.png\\"><span class=\\"vi--command--selection--option--name\\">Devdatta</span></div><div class=\\"vi--command--selection--option vi--command--selection--option--transition-appear vi--command--selection--option--transition-appear-active\\"><div class=\\"vi--command--selection--option--initial\\">E</div><img class=\\"vi--command--selection--option--image\\" src=\\"https://werewolf.world/image/0.3/agent_icons/50x50/e_50x50.png\\"><span class=\\"vi--command--selection--option--name\\">Ekrem</span></div></div></div>"`;

exports[`<CommandSelectionContainer /> render NIGHT VILLAGER 1`] = `"<div class=\\"vi--command--selection\\"><div class=\\"vi--command--selection--description\\"><span>Please wait...</span><span> (<span>00'00 left</span>)</span></div><div class=\\"vi--command--selection--select\\"></div></div>"`;

exports[`<CommandSelectionContainer /> render NIGHT WEREWOLF fixed 1`] = `"<div class=\\"vi--command--selection\\"><div class=\\"vi--command--selection--description\\"><span>This is the character you chose to attack</span><span> (<span>00'00 left</span>)</span></div><div class=\\"vi--command--selection--select\\"><div class=\\"vi--command--selection--option fixed vi--command--selection--option--transition-appear vi--command--selection--option--transition-appear-active\\"><div class=\\"vi--command--selection--option--initial\\">B</div><img class=\\"vi--command--selection--option--image\\" src=\\"https://werewolf.world/image/0.3/agent_icons/50x50/b_50x50.png\\"><span class=\\"vi--command--selection--option--name\\">Borya</span></div></div></div>"`;

exports[`<CommandSelectionContainer /> render NIGHT WEREWOLF unfixed 1`] = `"<div class=\\"vi--command--selection\\"><div class=\\"vi--command--selection--description\\"><span>Choose a character to attack</span><span> (<span>00'00 left</span>)</span></div><div class=\\"vi--command--selection--select\\"><div class=\\"vi--command--selection--option vi--command--selection--option--transition-appear vi--command--selection--option--transition-appear-active\\"><div class=\\"vi--command--selection--option--initial\\">B</div><img class=\\"vi--command--selection--option--image\\" src=\\"https://werewolf.world/image/0.3/agent_icons/50x50/b_50x50.png\\"><span class=\\"vi--command--selection--option--name\\">Borya</span></div><div class=\\"vi--command--selection--option vi--command--selection--option--transition-appear vi--command--selection--option--transition-appear-active\\"><div class=\\"vi--command--selection--option--initial\\">C</div><img class=\\"vi--command--selection--option--image\\" src=\\"https://werewolf.world/image/0.3/agent_icons/50x50/c_50x50.png\\"><span class=\\"vi--command--selection--option--name\\">Chacha</span></div><div class=\\"vi--command--selection--option vi--command--selection--option--transition-appear vi--command--selection--option--transition-appear-active\\"><div class=\\"vi--command--selection--option--initial\\">D</div><img class=\\"vi--command--selection--option--image\\" src=\\"https://werewolf.world/image/0.3/agent_icons/50x50/d_50x50.png\\"><span class=\\"vi--command--selection--option--name\\">Devdatta</span></div><div class=\\"vi--command--selection--option vi--command--selection--option--transition-appear vi--command--selection--option--transition-appear-active\\"><div class=\\"vi--command--selection--option--initial\\">E</div><img class=\\"vi--command--selection--option--image\\" src=\\"https://werewolf.world/image/0.3/agent_icons/50x50/e_50x50.png\\"><span class=\\"vi--command--selection--option--name\\">Ekrem</span></div></div></div>"`;

exports[`<CommandSelectionContainer /> render NOON fixed 1`] = `"<div class=\\"vi--command--selection\\"><div class=\\"vi--command--selection--description\\"><span>This is the character you chose to put to death</span><span> (<span>00'00 left</span>)</span></div><div class=\\"vi--command--selection--select\\"><div class=\\"vi--command--selection--option fixed vi--command--selection--option--transition-appear vi--command--selection--option--transition-appear-active\\"><div class=\\"vi--command--selection--option--initial\\">B</div><img class=\\"vi--command--selection--option--image\\" src=\\"https://werewolf.world/image/0.3/agent_icons/50x50/b_50x50.png\\"><span class=\\"vi--command--selection--option--name\\">Borya</span></div></div></div>"`;

exports[`<CommandSelectionContainer /> render NOON unfixed 1`] = `"<div class=\\"vi--command--selection\\"><div class=\\"vi--command--selection--description\\"><span>Choose a character to put to death</span><span> (<span>00'00 left</span>)</span></div><div class=\\"vi--command--selection--select\\"><div class=\\"vi--command--selection--option vi--command--selection--option--transition-appear vi--command--selection--option--transition-appear-active\\"><div class=\\"vi--command--selection--option--initial\\">B</div><img class=\\"vi--command--selection--option--image\\" src=\\"https://werewolf.world/image/0.3/agent_icons/50x50/b_50x50.png\\"><span class=\\"vi--command--selection--option--name\\">Borya</span></div><div class=\\"vi--command--selection--option vi--command--selection--option--transition-appear vi--command--selection--option--transition-appear-active\\"><div class=\\"vi--command--selection--option--initial\\">C</div><img class=\\"vi--command--selection--option--image\\" src=\\"https://werewolf.world/image/0.3/agent_icons/50x50/c_50x50.png\\"><span class=\\"vi--command--selection--option--name\\">Chacha</span></div><div class=\\"vi--command--selection--option vi--command--selection--option--transition-appear vi--command--selection--option--transition-appear-active\\"><div class=\\"vi--command--selection--option--initial\\">D</div><img class=\\"vi--command--selection--option--image\\" src=\\"https://werewolf.world/image/0.3/agent_icons/50x50/d_50x50.png\\"><span class=\\"vi--command--selection--option--name\\">Devdatta</span></div><div class=\\"vi--command--selection--option vi--command--selection--option--transition-appear vi--command--selection--option--transition-appear-active\\"><div class=\\"vi--command--selection--option--initial\\">E</div><img class=\\"vi--command--selection--option--image\\" src=\\"https://werewolf.world/image/0.3/agent_icons/50x50/e_50x50.png\\"><span class=\\"vi--command--selection--option--name\\">Ekrem</span></div></div></div>"`;
