// Jest Snapshot v1, https://goo.gl/fbAQLP

exports[`<InfoTeamContainer /> initialState 1`] = `"<div class=\\"vi--info--team \\"><svg viewBox=\\"0 0 180 180\\" xmlns=\\"http://www.w3.org/2000/svg\\"><path d=\\"M60,67c0-13 1-19 8-26c7-9 18-10 28-8c10,2 22,12 22,26c0,14-11,19-15,22c-7,2-10,6-11,11v20m0,12v16\\" fill=\\"none\\" stroke=\\"#000\\" stroke-width=\\"16\\"></path></svg></div>"`;

exports[`<InfoTeamContainer /> mine.role exists 1`] = `"<div class=\\"vi--info--team \\"><svg class=\\"vi--info--team--image teamVillager\\" viewBox=\\"0 0 50 50\\" xmlns=\\"http://www.w3.org/2000/svg\\"><g><rect height=\\"3.01\\" width=\\"50\\"></rect><rect height=\\"3\\" width=\\"50\\" y=\\"47\\"></rect><rect height=\\"50\\" width=\\"3\\"></rect><rect height=\\"50\\" width=\\"3\\" x=\\"47\\"></rect></g><g><rect height=\\"3\\" transform=\\"translate(25 60.36) rotate(-135)\\" width=\\"35\\" x=\\"7.5\\" y=\\"23.5\\"></rect><rect height=\\"3\\" transform=\\"translate(-21.65 20.32) rotate(-45)\\" width=\\"35\\" x=\\"-3.8\\" y=\\"34.8\\"></rect><rect height=\\"3\\" transform=\\"translate(-1.43 15.44) rotate(-45)\\" width=\\"15\\" x=\\"10.43\\" y=\\"7.94\\"></rect><rect height=\\"3\\" transform=\\"translate(-10.8 38.07) rotate(-45)\\" width=\\"15\\" x=\\"33.06\\" y=\\"30.57\\"></rect><rect height=\\"3\\" transform=\\"translate(-4.47 22.79) rotate(-45)\\" width=\\"15\\" x=\\"17.77\\" y=\\"15.29\\"></rect><rect height=\\"3\\" transform=\\"translate(-7.68 30.53) rotate(-45)\\" width=\\"15\\" x=\\"25.52\\" y=\\"23.03\\"></rect></g></svg><span class=\\"vi--info--team--name\\">Villagers</span></div>"`;
