// Jest Snapshot v1, https://goo.gl/fbAQLP

exports[`render 1`] = `"<div class=\\"name \\"><input class=\\"input\\" maxlength=\\"15\\" minlength=\\"5\\" placeholder=\\"Alice\\" required=\\"\\" tabindex=\\"0\\" type=\\"text\\" value=\\"Alice\\"></div>"`;
