// Jest Snapshot v1, https://goo.gl/fbAQLP

exports[`render 1`] = `"<div class=\\"la--footer\\">Copyright Â© 2020 YNUWAIWAI</div>"`;
