// Jest Snapshot v1, https://goo.gl/fbAQLP

exports[`render 1`] = `"<form action=\\"/signup\\" class=\\"la--form \\" method=\\"POST\\"><div class=\\"la--form--field\\"><label class=\\"la--form--label\\" for=\\"signup-name\\">Name</label><input autocomplete=\\"off\\" class=\\"la--form--input\\" id=\\"signup-name\\" minlength=\\"5\\" name=\\"name\\" pattern=\\"^[A-Za-z](?:[!-~]| [!-~]){4,14}$\\" required=\\"\\" type=\\"text\\" value=\\"\\"></div><div class=\\"la--form--field-description\\">5-15 characters (except space). Disallow multi-space.</div><div class=\\"la--form--field\\"><label class=\\"la--form--label\\" for=\\"signup-email\\">Email address</label><input autocomplete=\\"off\\" class=\\"la--form--input\\" id=\\"signup-email\\" minlength=\\"6\\" name=\\"email\\" pattern=\\"[^\\\\s]*@[^\\\\s]*\\" required=\\"\\" type=\\"text\\" value=\\"\\"></div><div class=\\"la--form--field-description\\">6-256 characters. Latin-1.</div><div class=\\"la--form--field\\"><label class=\\"la--form--label\\" for=\\"signup-password\\">Password</label><input autocomplete=\\"off\\" class=\\"la--form--input\\" id=\\"signup-password\\" minlength=\\"8\\" name=\\"password\\" required=\\"\\" type=\\"password\\" value=\\"\\"></div><div class=\\"la--form--field-description\\">8-128 characters.</div><div class=\\"la--form--confirmation\\"><span aria-checked=\\"false\\" class=\\"la--checkbox\\" role=\\"checkbox\\" tabindex=\\"0\\"><svg class=\\"checkbox blank\\" viewBox=\\"0 0 24 24\\" xmlns=\\"http://www.w3.org/2000/svg\\" xmlns:xlink=\\"http://www.w3.org/1999/xlink\\"><path d=\\"M19 5v14H5V5h14m0-2H5c-1.1 0-2 .9-2 2v14c0 1.1.9 2 2 2h14c1.1 0 2-.9 2-2V5c0-1.1-.9-2-2-2z\\"></path><path d=\\"M0 0h24v24H0z\\" fill=\\"none\\"></path></svg></span><span>Please agree to our <a class=\\"la--form--link\\" href=\\"https://werewolfguide.netlify.app/docs/en/privacy\\" rel=\\"noreferrer noopener\\" target=\\"_blank\\">Privacy Policy</a> before signing up.</span><span aria-checked=\\"false\\" class=\\"la--checkbox\\" role=\\"checkbox\\" tabindex=\\"0\\"><svg class=\\"checkbox blank\\" viewBox=\\"0 0 24 24\\" xmlns=\\"http://www.w3.org/2000/svg\\" xmlns:xlink=\\"http://www.w3.org/1999/xlink\\"><path d=\\"M19 5v14H5V5h14m0-2H5c-1.1 0-2 .9-2 2v14c0 1.1.9 2 2 2h14c1.1 0 2-.9 2-2V5c0-1.1-.9-2-2-2z\\"></path><path d=\\"M0 0h24v24H0z\\" fill=\\"none\\"></path></svg></span><span>Please agree to our <a class=\\"la--form--link\\" href=\\"https://werewolfguide.netlify.app/docs/en/terms\\" rel=\\"noreferrer noopener\\" target=\\"_blank\\">Terms of Use</a> before signing up.</span></div><button class=\\"la--form--button\\" disabled=\\"\\" type=\\"submit\\">Signup</button><input name=\\"csrfToken\\" type=\\"hidden\\" value=\\"token\\"></form>"`;
