// Jest Snapshot v1, https://goo.gl/fbAQLP

exports[`render 1`] = `"<div class=\\"lo--header\\">Build your village</div>"`;
