// Jest Snapshot v1, https://goo.gl/fbAQLP

exports[`render navigator.clipboard !== undefined 1`] = `"<div class=\\"lo--select-avatar--table--body--item access-token \\"><input readonly=\\"\\" type=\\"text\\" value=\\"token\\"><div class=\\"copy\\"><svg class=\\" copy\\" viewBox=\\"0 0 24 24\\" xmlns=\\"http://www.w3.org/2000/svg\\" xmlns:xlink=\\"http://www.w3.org/1999/xlink\\"><path d=\\"M16 1H4c-1.1 0-2 .9-2 2v14h2V3h12V1zm3 4H8c-1.1 0-2 .9-2 2v14c0 1.1.9 2 2 2h11c1.1 0 2-.9 2-2V7c0-1.1-.9-2-2-2zm0 16H8V7h11v14z\\"></path></svg></div><div class=\\"renew\\">Renew</div></div>"`;

exports[`render navigator.clipboard === undefined 1`] = `"<div class=\\"lo--select-avatar--table--body--item access-token \\"><input readonly=\\"\\" type=\\"text\\" value=\\"token\\"><div class=\\"renew\\">Renew</div></div>"`;
