// Jest Snapshot v1, https://goo.gl/fbAQLP

exports[`render 1`] = `"<div class=\\"lo--support-select--member-select--header--spacer\\"></div><div class=\\"lo--support-select--member-select--header--text\\"># of players</div><div class=\\"lo--support-select--member-select--header--text\\">type</div><div class=\\"lo--support-select--member-select--header--role\\" data-id=\\"villager\\"><img class=\\"lo--support-select--member-select--header--role--image\\" src=\\"https://werewolf.world/image/0.3/role_icons/50x50withTI/villager_50x50.png\\"><span class=\\"lo--support-select--member-select--header--role--caption\\">Villager</span></div><div class=\\"lo--support-select--member-select--header--role\\" data-id=\\"seer\\"><img class=\\"lo--support-select--member-select--header--role--image\\" src=\\"https://werewolf.world/image/0.3/role_icons/50x50withTI/seer_50x50.png\\"><span class=\\"lo--support-select--member-select--header--role--caption\\">Seer</span></div><div class=\\"lo--support-select--member-select--header--role\\" data-id=\\"medium\\"><img class=\\"lo--support-select--member-select--header--role--image\\" src=\\"https://werewolf.world/image/0.3/role_icons/50x50withTI/medium_50x50.png\\"><span class=\\"lo--support-select--member-select--header--role--caption\\">Medium</span></div><div class=\\"lo--support-select--member-select--header--role\\" data-id=\\"hunter\\"><img class=\\"lo--support-select--member-select--header--role--image\\" src=\\"https://werewolf.world/image/0.3/role_icons/50x50withTI/hunter_50x50.png\\"><span class=\\"lo--support-select--member-select--header--role--caption\\">Hunter</span></div><div class=\\"lo--support-select--member-select--header--role\\" data-id=\\"mason\\"><img class=\\"lo--support-select--member-select--header--role--image\\" src=\\"https://werewolf.world/image/0.3/role_icons/50x50withTI/mason_50x50.png\\"><span class=\\"lo--support-select--member-select--header--role--caption\\">Mason</span></div><div class=\\"lo--support-select--member-select--header--role\\" data-id=\\"madman\\"><img class=\\"lo--support-select--member-select--header--role--image\\" src=\\"https://werewolf.world/image/0.3/role_icons/50x50withTI/madman_50x50.png\\"><span class=\\"lo--support-select--member-select--header--role--caption\\">Madman</span></div><div class=\\"lo--support-select--member-select--header--role\\" data-id=\\"werewolf\\"><img class=\\"lo--support-select--member-select--header--role--image\\" src=\\"https://werewolf.world/image/0.3/role_icons/50x50withTI/werewolf_50x50.png\\"><span class=\\"lo--support-select--member-select--header--role--caption\\">Werewolf</span></div><div class=\\"lo--support-select--member-select--header--role\\" data-id=\\"werehamster\\"><img class=\\"lo--support-select--member-select--header--role--image\\" src=\\"https://werewolf.world/image/0.3/role_icons/50x50withTI/werehamster_50x50.png\\"><span class=\\"lo--support-select--member-select--header--role--caption\\">Werehamster</span></div>"`;
