// Jest Snapshot v1, https://goo.gl/fbAQLP

exports[`render 1`] = `"<div class=\\"lo--create-new-avatar--support-board\\"><div class=\\"lo--create-new-avatar--support-board--cell\\"># of players</div><div class=\\"lo--create-new-avatar--support-board--cell\\">A</div><div class=\\"lo--create-new-avatar--support-board--cell\\">B</div><div class=\\"lo--create-new-avatar--support-board--cell\\">C</div><div class=\\"lo--create-new-avatar--support-board--cell\\">15</div><div class=\\"lo--create-new-avatar--support-board--cell\\"></div><div class=\\"lo--create-new-avatar--support-board--cell\\"></div><div class=\\"lo--create-new-avatar--support-board--cell\\"></div><div class=\\"lo--create-new-avatar--support-board--cell\\">14</div><div class=\\"lo--create-new-avatar--support-board--cell\\"></div><div class=\\"lo--create-new-avatar--support-board--cell\\"></div><div class=\\"lo--create-new-avatar--support-board--cell\\"></div><div class=\\"lo--create-new-avatar--support-board--cell\\">13</div><div class=\\"lo--create-new-avatar--support-board--cell\\"></div><div class=\\"lo--create-new-avatar--support-board--cell\\"></div><div class=\\"lo--create-new-avatar--support-board--cell\\"></div><div class=\\"lo--create-new-avatar--support-board--cell\\">12</div><div class=\\"lo--create-new-avatar--support-board--cell\\"></div><div class=\\"lo--create-new-avatar--support-board--cell\\"></div><div class=\\"lo--create-new-avatar--support-board--cell\\"></div><div class=\\"lo--create-new-avatar--support-board--cell\\">11</div><div class=\\"lo--create-new-avatar--support-board--cell\\"></div><div class=\\"lo--create-new-avatar--support-board--cell\\"></div><div class=\\"lo--create-new-avatar--support-board--cell\\"></div><div class=\\"lo--create-new-avatar--support-board--cell\\">10</div><div class=\\"lo--create-new-avatar--support-board--cell\\"></div><div class=\\"lo--create-new-avatar--support-board--cell\\"></div><div class=\\"lo--create-new-avatar--support-board--cell\\"></div><div class=\\"lo--create-new-avatar--support-board--cell\\">9</div><div class=\\"lo--create-new-avatar--support-board--cell\\"></div><div class=\\"lo--create-new-avatar--support-board--cell\\"></div><div class=\\"lo--create-new-avatar--support-board--cell\\"></div><div class=\\"lo--create-new-avatar--support-board--cell\\">8</div><div class=\\"lo--create-new-avatar--support-board--cell\\"></div><div class=\\"lo--create-new-avatar--support-board--cell\\"></div><div class=\\"lo--create-new-avatar--support-board--cell\\"></div><div class=\\"lo--create-new-avatar--support-board--cell\\">7</div><div class=\\"lo--create-new-avatar--support-board--cell\\"></div><div class=\\"lo--create-new-avatar--support-board--cell\\"></div><div class=\\"lo--create-new-avatar--support-board--cell\\"></div><div class=\\"lo--create-new-avatar--support-board--cell\\">6</div><div class=\\"lo--create-new-avatar--support-board--cell\\"></div><div class=\\"lo--create-new-avatar--support-board--cell\\"></div><div class=\\"lo--create-new-avatar--support-board--cell\\"></div><div class=\\"lo--create-new-avatar--support-board--cell\\">5</div><div class=\\"lo--create-new-avatar--support-board--cell\\"></div><div class=\\"lo--create-new-avatar--support-board--cell\\"></div><div class=\\"lo--create-new-avatar--support-board--cell\\"></div><div class=\\"lo--create-new-avatar--support-board--cell\\">4</div><div class=\\"lo--create-new-avatar--support-board--cell\\"></div><div class=\\"lo--create-new-avatar--support-board--cell\\"></div><div class=\\"lo--create-new-avatar--support-board--cell\\"></div></div>"`;
