// Jest Snapshot v1, https://goo.gl/fbAQLP

exports[`<MenuContainer /> render 1`] = `"<ul class=\\"className\\"></ul>"`;
