// Jest Snapshot v1, https://goo.gl/fbAQLP

exports[`<ObfucatorContainer /> 1`] = `"<div class=\\"lo--obfucator\\"><svg class=\\"lo--obfucator--loader loader\\" stroke=\\"#000\\" viewBox=\\"0 0 38 38\\" xmlns=\\"http://www.w3.org/2000/svg\\"><g fill=\\"none\\" fill-rule=\\"evenodd\\"><g stroke-width=\\"2\\" transform=\\"translate(1 1)\\"><circle cx=\\"18\\" cy=\\"18\\" r=\\"18\\" stroke-opacity=\\".5\\"></circle><path d=\\"M36 18c0-9.94-8.06-18-18-18\\"><animateTransform attributeName=\\"transform\\" dur=\\"1s\\" from=\\"0 18 18\\" repeatCount=\\"indefinite\\" to=\\"360 18 18\\" type=\\"rotate\\"></animateTransform></path></g></g></svg></div>"`;
