// Jest Snapshot v1, https://goo.gl/fbAQLP

exports[`<SelectHumanAvatarTableBodyContainer /> render 1`] = `""`;
