// Jest Snapshot v1, https://goo.gl/fbAQLP

exports[`<WaitingForPlayersContainer /> render regular 1`] = `"<div class=\\"lo--grid\\"><div class=\\"lo--header\\">Waiting for players</div><div class=\\"lo--main-content\\"><div class=\\"lo--village\\"><div class=\\"lo--village--item lo--village--item--transition-appear lo--village--item--transition-appear-active\\"><div class=\\"lo--village--item--prop village-name\\">Village name</div><div class=\\"lo--village--item--val village-name\\">Fairytale village</div><div class=\\"lo--village--item--val id-for-searching\\">#123</div><div class=\\"lo--village--item--prop host-name\\">Host name</div><div class=\\"lo--village--item--val host-name\\">Anonymous</div><div class=\\"lo--village--item--prop setup\\">Setup</div><div class=\\"lo--village--item--val setup1\\">8 / 15 players</div><div class=\\"lo--village--item--val setup2\\">Random avatar</div><div class=\\"lo--village--item--member\\"><div class=\\"lo--village--item--member--robot\\">min 7 robots</div><div class=\\"lo--village--item--member--human\\">max 8 humans</div><div class=\\"lo--village--item--member--role\\"><div class=\\"lo--village--item--member--role--item\\" data-id=\\"villager\\"><img class=\\"lo--village--item--member--role--item--image\\" src=\\"https://werewolf.world/image/0.3/role_icons/50x50withTI/villager_50x50.png\\"><span class=\\"lo--village--item--member--role--item--times\\">✕</span><span class=\\"lo--village--item--member--role--item--number\\">6</span><span class=\\"lo--village--item--member--role--item--caption\\">Villager</span></div><div class=\\"lo--village--item--member--role--item\\" data-id=\\"seer\\"><img class=\\"lo--village--item--member--role--item--image\\" src=\\"https://werewolf.world/image/0.3/role_icons/50x50withTI/seer_50x50.png\\"><span class=\\"lo--village--item--member--role--item--times\\">✕</span><span class=\\"lo--village--item--member--role--item--number\\">1</span><span class=\\"lo--village--item--member--role--item--caption\\">Seer</span></div><div class=\\"lo--village--item--member--role--item\\" data-id=\\"medium\\"><img class=\\"lo--village--item--member--role--item--image\\" src=\\"https://werewolf.world/image/0.3/role_icons/50x50withTI/medium_50x50.png\\"><span class=\\"lo--village--item--member--role--item--times\\">✕</span><span class=\\"lo--village--item--member--role--item--number\\">1</span><span class=\\"lo--village--item--member--role--item--caption\\">Medium</span></div><div class=\\"lo--village--item--member--role--item\\" data-id=\\"hunter\\"><img class=\\"lo--village--item--member--role--item--image\\" src=\\"https://werewolf.world/image/0.3/role_icons/50x50withTI/hunter_50x50.png\\"><span class=\\"lo--village--item--member--role--item--times\\">✕</span><span class=\\"lo--village--item--member--role--item--number\\">1</span><span class=\\"lo--village--item--member--role--item--caption\\">Hunter</span></div><div class=\\"lo--village--item--member--role--item\\" data-id=\\"mason\\"><img class=\\"lo--village--item--member--role--item--image\\" src=\\"https://werewolf.world/image/0.3/role_icons/50x50withTI/mason_50x50.png\\"><span class=\\"lo--village--item--member--role--item--times\\">✕</span><span class=\\"lo--village--item--member--role--item--number\\">2</span><span class=\\"lo--village--item--member--role--item--caption\\">Mason</span></div><div class=\\"lo--village--item--member--role--item\\" data-id=\\"madman\\"><img class=\\"lo--village--item--member--role--item--image\\" src=\\"https://werewolf.world/image/0.3/role_icons/50x50withTI/madman_50x50.png\\"><span class=\\"lo--village--item--member--role--item--times\\">✕</span><span class=\\"lo--village--item--member--role--item--number\\">1</span><span class=\\"lo--village--item--member--role--item--caption\\">Madman</span></div><div class=\\"lo--village--item--member--role--item\\" data-id=\\"werewolf\\"><img class=\\"lo--village--item--member--role--item--image\\" src=\\"https://werewolf.world/image/0.3/role_icons/50x50withTI/werewolf_50x50.png\\"><span class=\\"lo--village--item--member--role--item--times\\">✕</span><span class=\\"lo--village--item--member--role--item--number\\">2</span><span class=\\"lo--village--item--member--role--item--caption\\">Werewolf</span></div><div class=\\"lo--village--item--member--role--item\\" data-id=\\"werehamster\\"><img class=\\"lo--village--item--member--role--item--image\\" src=\\"https://werewolf.world/image/0.3/role_icons/50x50withTI/werehamster_50x50.png\\"><span class=\\"lo--village--item--member--role--item--times\\">✕</span><span class=\\"lo--village--item--member--role--item--number\\">1</span><span class=\\"lo--village--item--member--role--item--caption\\">Werehamster</span></div></div></div><div class=\\"lo--village--item--prop comment\\">Comment</div><div class=\\"lo--village--item--val comment\\">Experts recommended</div></div></div></div><div class=\\"lo--aside-content expand\\"><ul class=\\"lo--compact-menu\\"><li class=\\"lo--compact-menu--item\\"><button class=\\"lo--compact-menu--item--button \\" tabindex=\\"-1\\">Play</button></li></ul><div class=\\"lo--avatar-list\\"><div class=\\"lo--avatar-list--item lo--avatar-list--item--transition-appear lo--avatar-list--item--transition-appear-active\\"><div class=\\"lo--avatar-list--item--image\\"><img src=\\"/assets/images/avatar/default/user.png\\"></div><div class=\\"lo--avatar-list--item--name\\">Anonymous</div><div class=\\"lo--avatar-list--item--host\\">Host</div><div class=\\"lo--avatar-list--item--ping\\"><svg class=\\"safe\\" viewBox=\\"0 0 24 24\\" xmlns=\\"http://www.w3.org/2000/svg\\"><path d=\\"M0 0h24v24H0z\\" fill=\\"none\\"></path><path d=\\"M17 4h3v16h-3zM5 14h3v6H5zm6-5h3v11h-3z\\"></path></svg>0.500 s s</div></div><div class=\\"lo--avatar-list--item me lo--avatar-list--item--transition-appear lo--avatar-list--item--transition-appear-active\\"><div class=\\"lo--avatar-list--item--image\\"><img src=\\"https://werewolf.world/image/0.1/Friedel.jpg\\"></div><div class=\\"lo--avatar-list--item--name\\">Anonymous</div><div class=\\"lo--avatar-list--item--ping\\"><svg class=\\"safe\\" viewBox=\\"0 0 24 24\\" xmlns=\\"http://www.w3.org/2000/svg\\"><path d=\\"M0 0h24v24H0z\\" fill=\\"none\\"></path><path d=\\"M17 4h3v16h-3zM5 14h3v6H5zm6-5h3v11h-3z\\"></path></svg>0.500 s s</div></div><div class=\\"lo--avatar-list--item lo--avatar-list--item--transition-appear lo--avatar-list--item--transition-appear-active\\"><div class=\\"lo--avatar-list--item--image\\"><img src=\\"/assets/images/avatar/default/user.png\\"></div><div class=\\"lo--avatar-list--item--name\\">Anonymous</div><div class=\\"lo--avatar-list--item--ping\\"><svg class=\\"safe\\" viewBox=\\"0 0 24 24\\" xmlns=\\"http://www.w3.org/2000/svg\\"><path d=\\"M0 0h24v24H0z\\" fill=\\"none\\"></path><path d=\\"M17 4h3v16h-3zM5 14h3v6H5zm6-5h3v11h-3z\\"></path></svg>0.500 s s</div></div><div class=\\"lo--avatar-list--item lo--avatar-list--item--transition-appear lo--avatar-list--item--transition-appear-active\\"><div class=\\"lo--avatar-list--item--image\\"><img src=\\"/assets/images/avatar/default/user.png\\"></div><div class=\\"lo--avatar-list--item--name\\">Anonymous</div><div class=\\"lo--avatar-list--item--ping\\"><svg class=\\"safe\\" viewBox=\\"0 0 24 24\\" xmlns=\\"http://www.w3.org/2000/svg\\"><path d=\\"M0 0h24v24H0z\\" fill=\\"none\\"></path><path d=\\"M17 4h3v16h-3zM5 14h3v6H5zm6-5h3v11h-3z\\"></path></svg>0.500 s s</div></div><div class=\\"lo--avatar-list--item lo--avatar-list--item--transition-appear lo--avatar-list--item--transition-appear-active\\"><div class=\\"lo--avatar-list--item--image\\"><img src=\\"/assets/images/avatar/default/user.png\\"></div><div class=\\"lo--avatar-list--item--name\\">Anonymous</div><div class=\\"lo--avatar-list--item--ping\\"><svg class=\\"safe\\" viewBox=\\"0 0 24 24\\" xmlns=\\"http://www.w3.org/2000/svg\\"><path d=\\"M0 0h24v24H0z\\" fill=\\"none\\"></path><path d=\\"M17 4h3v16h-3zM5 14h3v6H5zm6-5h3v11h-3z\\"></path></svg>0.500 s s</div></div><div class=\\"lo--avatar-list--item lo--avatar-list--item--transition-appear lo--avatar-list--item--transition-appear-active\\"><div class=\\"lo--avatar-list--item--image\\"><img src=\\"/assets/images/avatar/default/user.png\\"></div><div class=\\"lo--avatar-list--item--name\\">Anonymous</div><div class=\\"lo--avatar-list--item--ping\\"><svg class=\\"safe\\" viewBox=\\"0 0 24 24\\" xmlns=\\"http://www.w3.org/2000/svg\\"><path d=\\"M0 0h24v24H0z\\" fill=\\"none\\"></path><path d=\\"M17 4h3v16h-3zM5 14h3v6H5zm6-5h3v11h-3z\\"></path></svg>0.500 s s</div></div><div class=\\"lo--avatar-list--item lo--avatar-list--item--transition-appear lo--avatar-list--item--transition-appear-active\\"><div class=\\"lo--avatar-list--item--image\\"><img src=\\"/assets/images/avatar/default/user.png\\"></div><div class=\\"lo--avatar-list--item--name\\">Anonymous</div><div class=\\"lo--avatar-list--item--ping\\"><svg class=\\"safe\\" viewBox=\\"0 0 24 24\\" xmlns=\\"http://www.w3.org/2000/svg\\"><path d=\\"M0 0h24v24H0z\\" fill=\\"none\\"></path><path d=\\"M17 4h3v16h-3zM5 14h3v6H5zm6-5h3v11h-3z\\"></path></svg>0.500 s s</div></div><div class=\\"lo--avatar-list--item lo--avatar-list--item--transition-appear lo--avatar-list--item--transition-appear-active\\"><div class=\\"lo--avatar-list--item--image\\"><img src=\\"/assets/images/avatar/default/user.png\\"></div><div class=\\"lo--avatar-list--item--name\\">Anonymous</div><div class=\\"lo--avatar-list--item--ping\\"><svg class=\\"safe\\" viewBox=\\"0 0 24 24\\" xmlns=\\"http://www.w3.org/2000/svg\\"><path d=\\"M0 0h24v24H0z\\" fill=\\"none\\"></path><path d=\\"M17 4h3v16h-3zM5 14h3v6H5zm6-5h3v11h-3z\\"></path></svg>0.500 s s</div></div></div><ul class=\\"lo--compact-menu\\"><li class=\\"lo--compact-menu--item\\"><button class=\\"lo--compact-menu--item--button \\" tabindex=\\"-1\\">Return to the lobby for human players</button></li><li class=\\"lo--compact-menu--item\\"><button class=\\"lo--compact-menu--item--button \\" tabindex=\\"-1\\">Return to the main page</button></li></ul></div></div>"`;

exports[`<WaitingForPlayersContainer /> render state.ping.results equals to [] 1`] = `"<div class=\\"lo--grid\\"><div class=\\"lo--header\\">Waiting for players</div><div class=\\"lo--main-content\\"><div class=\\"lo--village\\"><div class=\\"lo--village--item lo--village--item--transition-appear lo--village--item--transition-appear-active\\"><div class=\\"lo--village--item--prop village-name\\">Village name</div><div class=\\"lo--village--item--val village-name\\">Fairytale village</div><div class=\\"lo--village--item--val id-for-searching\\">#123</div><div class=\\"lo--village--item--prop host-name\\">Host name</div><div class=\\"lo--village--item--val host-name\\">Anonymous</div><div class=\\"lo--village--item--prop setup\\">Setup</div><div class=\\"lo--village--item--val setup1\\">8 / 15 players</div><div class=\\"lo--village--item--val setup2\\">Random avatar</div><div class=\\"lo--village--item--member\\"><div class=\\"lo--village--item--member--robot\\">min 7 robots</div><div class=\\"lo--village--item--member--human\\">max 8 humans</div><div class=\\"lo--village--item--member--role\\"><div class=\\"lo--village--item--member--role--item\\" data-id=\\"villager\\"><img class=\\"lo--village--item--member--role--item--image\\" src=\\"https://werewolf.world/image/0.3/role_icons/50x50withTI/villager_50x50.png\\"><span class=\\"lo--village--item--member--role--item--times\\">✕</span><span class=\\"lo--village--item--member--role--item--number\\">6</span><span class=\\"lo--village--item--member--role--item--caption\\">Villager</span></div><div class=\\"lo--village--item--member--role--item\\" data-id=\\"seer\\"><img class=\\"lo--village--item--member--role--item--image\\" src=\\"https://werewolf.world/image/0.3/role_icons/50x50withTI/seer_50x50.png\\"><span class=\\"lo--village--item--member--role--item--times\\">✕</span><span class=\\"lo--village--item--member--role--item--number\\">1</span><span class=\\"lo--village--item--member--role--item--caption\\">Seer</span></div><div class=\\"lo--village--item--member--role--item\\" data-id=\\"medium\\"><img class=\\"lo--village--item--member--role--item--image\\" src=\\"https://werewolf.world/image/0.3/role_icons/50x50withTI/medium_50x50.png\\"><span class=\\"lo--village--item--member--role--item--times\\">✕</span><span class=\\"lo--village--item--member--role--item--number\\">1</span><span class=\\"lo--village--item--member--role--item--caption\\">Medium</span></div><div class=\\"lo--village--item--member--role--item\\" data-id=\\"hunter\\"><img class=\\"lo--village--item--member--role--item--image\\" src=\\"https://werewolf.world/image/0.3/role_icons/50x50withTI/hunter_50x50.png\\"><span class=\\"lo--village--item--member--role--item--times\\">✕</span><span class=\\"lo--village--item--member--role--item--number\\">1</span><span class=\\"lo--village--item--member--role--item--caption\\">Hunter</span></div><div class=\\"lo--village--item--member--role--item\\" data-id=\\"mason\\"><img class=\\"lo--village--item--member--role--item--image\\" src=\\"https://werewolf.world/image/0.3/role_icons/50x50withTI/mason_50x50.png\\"><span class=\\"lo--village--item--member--role--item--times\\">✕</span><span class=\\"lo--village--item--member--role--item--number\\">2</span><span class=\\"lo--village--item--member--role--item--caption\\">Mason</span></div><div class=\\"lo--village--item--member--role--item\\" data-id=\\"madman\\"><img class=\\"lo--village--item--member--role--item--image\\" src=\\"https://werewolf.world/image/0.3/role_icons/50x50withTI/madman_50x50.png\\"><span class=\\"lo--village--item--member--role--item--times\\">✕</span><span class=\\"lo--village--item--member--role--item--number\\">1</span><span class=\\"lo--village--item--member--role--item--caption\\">Madman</span></div><div class=\\"lo--village--item--member--role--item\\" data-id=\\"werewolf\\"><img class=\\"lo--village--item--member--role--item--image\\" src=\\"https://werewolf.world/image/0.3/role_icons/50x50withTI/werewolf_50x50.png\\"><span class=\\"lo--village--item--member--role--item--times\\">✕</span><span class=\\"lo--village--item--member--role--item--number\\">2</span><span class=\\"lo--village--item--member--role--item--caption\\">Werewolf</span></div><div class=\\"lo--village--item--member--role--item\\" data-id=\\"werehamster\\"><img class=\\"lo--village--item--member--role--item--image\\" src=\\"https://werewolf.world/image/0.3/role_icons/50x50withTI/werehamster_50x50.png\\"><span class=\\"lo--village--item--member--role--item--times\\">✕</span><span class=\\"lo--village--item--member--role--item--number\\">1</span><span class=\\"lo--village--item--member--role--item--caption\\">Werehamster</span></div></div></div><div class=\\"lo--village--item--prop comment\\">Comment</div><div class=\\"lo--village--item--val comment\\">Experts recommended</div></div></div></div><div class=\\"lo--aside-content expand\\"><ul class=\\"lo--compact-menu\\"><li class=\\"lo--compact-menu--item\\"><button class=\\"lo--compact-menu--item--button \\" tabindex=\\"-1\\">Play</button></li></ul><div class=\\"lo--avatar-list\\"><div class=\\"lo--avatar-list--item lo--avatar-list--item--transition-appear lo--avatar-list--item--transition-appear-active\\"><div class=\\"lo--avatar-list--item--image\\"><img src=\\"/assets/images/avatar/default/user.png\\"></div><div class=\\"lo--avatar-list--item--name\\">Anonymous</div><div class=\\"lo--avatar-list--item--host\\">Host</div><div class=\\"lo--avatar-list--item--ping\\"><svg class=\\"danger\\" viewBox=\\"0 0 24 24\\" xmlns=\\"http://www.w3.org/2000/svg\\"><path d=\\"M0 0h24v24H0z\\" fill=\\"none\\"></path><path d=\\"M5 14h3v6H5z\\"></path></svg>99.999 s s</div></div><div class=\\"lo--avatar-list--item me lo--avatar-list--item--transition-appear lo--avatar-list--item--transition-appear-active\\"><div class=\\"lo--avatar-list--item--image\\"><img src=\\"https://werewolf.world/image/0.1/Friedel.jpg\\"></div><div class=\\"lo--avatar-list--item--name\\">Anonymous</div><div class=\\"lo--avatar-list--item--ping\\"><svg class=\\"danger\\" viewBox=\\"0 0 24 24\\" xmlns=\\"http://www.w3.org/2000/svg\\"><path d=\\"M0 0h24v24H0z\\" fill=\\"none\\"></path><path d=\\"M5 14h3v6H5z\\"></path></svg>99.999 s s</div></div><div class=\\"lo--avatar-list--item lo--avatar-list--item--transition-appear lo--avatar-list--item--transition-appear-active\\"><div class=\\"lo--avatar-list--item--image\\"><img src=\\"/assets/images/avatar/default/user.png\\"></div><div class=\\"lo--avatar-list--item--name\\">Anonymous</div><div class=\\"lo--avatar-list--item--ping\\"><svg class=\\"danger\\" viewBox=\\"0 0 24 24\\" xmlns=\\"http://www.w3.org/2000/svg\\"><path d=\\"M0 0h24v24H0z\\" fill=\\"none\\"></path><path d=\\"M5 14h3v6H5z\\"></path></svg>99.999 s s</div></div><div class=\\"lo--avatar-list--item lo--avatar-list--item--transition-appear lo--avatar-list--item--transition-appear-active\\"><div class=\\"lo--avatar-list--item--image\\"><img src=\\"/assets/images/avatar/default/user.png\\"></div><div class=\\"lo--avatar-list--item--name\\">Anonymous</div><div class=\\"lo--avatar-list--item--ping\\"><svg class=\\"danger\\" viewBox=\\"0 0 24 24\\" xmlns=\\"http://www.w3.org/2000/svg\\"><path d=\\"M0 0h24v24H0z\\" fill=\\"none\\"></path><path d=\\"M5 14h3v6H5z\\"></path></svg>99.999 s s</div></div><div class=\\"lo--avatar-list--item lo--avatar-list--item--transition-appear lo--avatar-list--item--transition-appear-active\\"><div class=\\"lo--avatar-list--item--image\\"><img src=\\"/assets/images/avatar/default/user.png\\"></div><div class=\\"lo--avatar-list--item--name\\">Anonymous</div><div class=\\"lo--avatar-list--item--ping\\"><svg class=\\"danger\\" viewBox=\\"0 0 24 24\\" xmlns=\\"http://www.w3.org/2000/svg\\"><path d=\\"M0 0h24v24H0z\\" fill=\\"none\\"></path><path d=\\"M5 14h3v6H5z\\"></path></svg>99.999 s s</div></div><div class=\\"lo--avatar-list--item lo--avatar-list--item--transition-appear lo--avatar-list--item--transition-appear-active\\"><div class=\\"lo--avatar-list--item--image\\"><img src=\\"/assets/images/avatar/default/user.png\\"></div><div class=\\"lo--avatar-list--item--name\\">Anonymous</div><div class=\\"lo--avatar-list--item--ping\\"><svg class=\\"danger\\" viewBox=\\"0 0 24 24\\" xmlns=\\"http://www.w3.org/2000/svg\\"><path d=\\"M0 0h24v24H0z\\" fill=\\"none\\"></path><path d=\\"M5 14h3v6H5z\\"></path></svg>99.999 s s</div></div><div class=\\"lo--avatar-list--item lo--avatar-list--item--transition-appear lo--avatar-list--item--transition-appear-active\\"><div class=\\"lo--avatar-list--item--image\\"><img src=\\"/assets/images/avatar/default/user.png\\"></div><div class=\\"lo--avatar-list--item--name\\">Anonymous</div><div class=\\"lo--avatar-list--item--ping\\"><svg class=\\"danger\\" viewBox=\\"0 0 24 24\\" xmlns=\\"http://www.w3.org/2000/svg\\"><path d=\\"M0 0h24v24H0z\\" fill=\\"none\\"></path><path d=\\"M5 14h3v6H5z\\"></path></svg>99.999 s s</div></div><div class=\\"lo--avatar-list--item lo--avatar-list--item--transition-appear lo--avatar-list--item--transition-appear-active\\"><div class=\\"lo--avatar-list--item--image\\"><img src=\\"/assets/images/avatar/default/user.png\\"></div><div class=\\"lo--avatar-list--item--name\\">Anonymous</div><div class=\\"lo--avatar-list--item--ping\\"><svg class=\\"danger\\" viewBox=\\"0 0 24 24\\" xmlns=\\"http://www.w3.org/2000/svg\\"><path d=\\"M0 0h24v24H0z\\" fill=\\"none\\"></path><path d=\\"M5 14h3v6H5z\\"></path></svg>99.999 s s</div></div></div><ul class=\\"lo--compact-menu\\"><li class=\\"lo--compact-menu--item\\"><button class=\\"lo--compact-menu--item--button \\" tabindex=\\"-1\\">Return to the lobby for human players</button></li><li class=\\"lo--compact-menu--item\\"><button class=\\"lo--compact-menu--item--button \\" tabindex=\\"-1\\">Return to the main page</button></li></ul></div></div>"`;

exports[`<WaitingForPlayersContainer /> render state.waitingForPlayers.village is null 1`] = `"<div class=\\"lo--grid\\"><div class=\\"lo--header\\">Waiting for players</div><div class=\\"lo--main-content\\"><div class=\\"lo--village\\"></div></div><div class=\\"lo--aside-content expand\\"><ul class=\\"lo--compact-menu\\"><li class=\\"lo--compact-menu--item\\"><button class=\\"lo--compact-menu--item--button \\" tabindex=\\"-1\\">Play</button></li></ul><div class=\\"lo--avatar-list\\"></div><ul class=\\"lo--compact-menu\\"><li class=\\"lo--compact-menu--item\\"><button class=\\"lo--compact-menu--item--button \\" tabindex=\\"-1\\">Return to the lobby for human players</button></li><li class=\\"lo--compact-menu--item\\"><button class=\\"lo--compact-menu--item--button \\" tabindex=\\"-1\\">Return to the main page</button></li></ul></div></div>"`;
