// Jest Snapshot v1, https://goo.gl/fbAQLP

exports[`render 1`] = `
<div
  className="lo--grid"
>
  <Header
    id="Header.selectHumanAvatar"
  />
  <MainContent>
    <CreateNewAvatarHeader />
    <Memo(Connect(CreateNewHumanAvatarTable)) />
    <Memo(Connect(Menu))
      className="lo--create-new-avatar--command"
      itemClassName="lo--create-new-avatar--command--item"
      items={Array []}
    />
  </MainContent>
  <AsideContent>
    <Memo(Connect(Menu))
      className="lo--compact-menu"
      itemClassName="lo--compact-menu--item"
      items={Array []}
    />
  </AsideContent>
</div>
`;
