// Jest Snapshot v1, https://goo.gl/fbAQLP

exports[`render 1`] = `"<div class=\\"lo--select-avatar--table--body--item image \\"><button tabindex=\\"0\\"><img src=\\"https://werewolf.world/image/0.3/character_icons/50x50/a_50x50.png\\"></button></div>"`;
