// Jest Snapshot v1, https://goo.gl/fbAQLP

exports[`render 1`] = `"<input type=\\"password\\" class=\\"className\\" id=\\"id\\" maxLength=\\"128\\" minLength=\\"8\\" required=\\"\\" tabindex=\\"0\\" value=\\"\\"/>"`;
