// Jest Snapshot v1, https://goo.gl/fbAQLP

exports[`render 1`] = `"<input type=\\"text\\" class=\\"lo--advanced-search--input\\" maxLength=\\"30\\" minLength=\\"5\\" placeholder=\\"5-30 chars\\" required=\\"\\" tabindex=\\"0\\" value=\\"\\"/>"`;
