// Jest Snapshot v1, https://goo.gl/fbAQLP

exports[`render 1`] = `"<div class=\\"lo--create-new-avatar--header\\">Create a new avatar</div>"`;
