// Jest Snapshot v1, https://goo.gl/fbAQLP

exports[`render 1`] = `"<div class=\\"className\\"><div class=\\"className--item\\" data-id=\\"villager\\"><img class=\\"className--item--image\\" src=\\"https://werewolf.world/image/0.3/role_icons/50x50withTI/villager_50x50.png\\"><span class=\\"className--item--times\\">✕</span><span class=\\"className--item--number\\">6</span><span class=\\"className--item--caption\\">Villager</span></div><div class=\\"className--item\\" data-id=\\"seer\\"><img class=\\"className--item--image\\" src=\\"https://werewolf.world/image/0.3/role_icons/50x50withTI/seer_50x50.png\\"><span class=\\"className--item--times\\">✕</span><span class=\\"className--item--number\\">1</span><span class=\\"className--item--caption\\">Seer</span></div><div class=\\"className--item\\" data-id=\\"medium\\"><img class=\\"className--item--image\\" src=\\"https://werewolf.world/image/0.3/role_icons/50x50withTI/medium_50x50.png\\"><span class=\\"className--item--times\\">✕</span><span class=\\"className--item--number\\">1</span><span class=\\"className--item--caption\\">Medium</span></div><div class=\\"className--item\\" data-id=\\"hunter\\"><img class=\\"className--item--image\\" src=\\"https://werewolf.world/image/0.3/role_icons/50x50withTI/hunter_50x50.png\\"><span class=\\"className--item--times\\">✕</span><span class=\\"className--item--number\\">1</span><span class=\\"className--item--caption\\">Hunter</span></div><div class=\\"className--item\\" data-id=\\"mason\\"><img class=\\"className--item--image\\" src=\\"https://werewolf.world/image/0.3/role_icons/50x50withTI/mason_50x50.png\\"><span class=\\"className--item--times\\">✕</span><span class=\\"className--item--number\\">2</span><span class=\\"className--item--caption\\">Mason</span></div><div class=\\"className--item\\" data-id=\\"madman\\"><img class=\\"className--item--image\\" src=\\"https://werewolf.world/image/0.3/role_icons/50x50withTI/madman_50x50.png\\"><span class=\\"className--item--times\\">✕</span><span class=\\"className--item--number\\">1</span><span class=\\"className--item--caption\\">Madman</span></div><div class=\\"className--item\\" data-id=\\"werewolf\\"><img class=\\"className--item--image\\" src=\\"https://werewolf.world/image/0.3/role_icons/50x50withTI/werewolf_50x50.png\\"><span class=\\"className--item--times\\">✕</span><span class=\\"className--item--number\\">2</span><span class=\\"className--item--caption\\">Werewolf</span></div><div class=\\"className--item\\" data-id=\\"werehamster\\"><img class=\\"className--item--image\\" src=\\"https://werewolf.world/image/0.3/role_icons/50x50withTI/werehamster_50x50.png\\"><span class=\\"className--item--times\\">✕</span><span class=\\"className--item--number\\">1</span><span class=\\"className--item--caption\\">Werehamster</span></div></div>"`;
